// Jest Snapshot v1, https://goo.gl/fbAQLP

exports[`Testing ModalRepository should render correctly 1`] = `ShallowWrapper {}`;
