// Jest Snapshot v1, https://goo.gl/fbAQLP

exports[`Testing UserPage should render correctly 1`] = `ShallowWrapper {}`;
