// Jest Snapshot v1, https://goo.gl/fbAQLP

exports[`Testing ContentBox should render correctly 1`] = `ShallowWrapper {}`;
