// Jest Snapshot v1, https://goo.gl/fbAQLP

exports[`Testing ModalBox should render correctly 1`] = `ShallowWrapper {}`;
