// Jest Snapshot v1, https://goo.gl/fbAQLP

exports[`Testing SimpleItem should render correctly 1`] = `ShallowWrapper {}`;
