// Jest Snapshot v1, https://goo.gl/fbAQLP

exports[`Testing TextField should render correctly 1`] = `ShallowWrapper {}`;
