// Jest Snapshot v1, https://goo.gl/fbAQLP

exports[`Testing TextButton should render correctly 1`] = `ShallowWrapper {}`;
