// Jest Snapshot v1, https://goo.gl/fbAQLP

exports[`Testing UserListItem should render correctly 1`] = `ShallowWrapper {}`;
